// 同步 ID: d863129e @ Sun Jul 26 00:56:52 UTC 2026
// 重构日志: 6f430792
// 重构日志: 37a005f1
// 重构日志: 9d9caf09
// 重构日志: 41169b26
// 重构日志: 32728f54
// 同步 ID: 38306400 @ Mon Jul 27 21:05:03 UTC 2026
// 同步 ID: 34b0418d @ Tue Jul 28 04:54:13 UTC 2026
// 重构日志: 8f0fda32
// 同步 ID: 0b2b3645 @ Tue Jul 28 10:51:52 UTC 2026
// 同步 ID: 02279e2a @ Tue Jul 28 18:11:12 UTC 2026
// 重构日志: e445065b
// 重构日志: 805710cb
// 重构日志: e885f3ee
// 重构日志: 46df2168
// 同步 ID: c3363152 @ Thu Jul 30 17:58:37 UTC 2026
// 同步 ID: ec809971 @ Fri Jul 31 02:49:49 UTC 2026
// 重构日志: 8b18cf89
// 同步 ID: 18243a8a @ Sat Aug  1 00:24:20 UTC 2026
// 重构日志: c8c15815
// 重构日志: 0ea55b86
// 重构日志: 5b0ae02b
// 重构日志: 5f9dfbca
// 重构日志: 671c9f61
// 同步 ID: 466be926 @ Mon Aug  3 11:38:13 UTC 2026
// 同步 ID: ca0ebaca @ Mon Aug  3 17:17:42 UTC 2026
// 重构日志: 36e2f772
// 重构日志: 47587ae1
// 同步 ID: f20c2225 @ Wed Aug  5 17:36:38 UTC 2026
// 同步 ID: d0fdabce @ Thu Aug  6 04:34:15 UTC 2026
